ok   test-advanced-loom-cooking-yield.js (40ms)
ok   test-alcohol-bottle-held-pose.js (46ms)
ok   test-ambient-biome-audio.js (45ms)
ok   test-alcohol-swigs-and-npc-offers.js (49ms)
ok   test-ambient-greeting-head-turn.js (33ms)
ok   test-amphibious-fish-corpse-cleanup-timer.js (33ms)
ok   test-ambient-dialogue-editor.js (44ms)
ok   test-amphibious-fishing-event-driven.js (34ms)
ok   test-animal-chathead-ambient.js (30ms)
ok   test-animal-chathead-framing.js (34ms)
ok   test-animal-growth-kunji-shop.js (35ms)
ok   test-animal-head-material-response.js (35ms)
ok   test-animal-head-rig-authored.js (29ms)
ok   test-animal-head-rig-preview-lookup.js (30ms)
ok   test-animal-shoulder-rest.js (35ms)
ok   test-animal-head-rig-runtime.js (39ms)
ok   test-animal-sleep-face.js (38ms)
ok   test-animal-subtle-elevation.js (31ms)
ok   test-animal-sleep-presentation.js (43ms)
ok   test-animal-vocalizations.js (42ms)
ok   test-animation-author-portrait-anchor-integration.js (30ms)
ok   test-animation-author-portrait-dependencies.js (31ms)
ok   test-animation-author-preview-rig-space.js (33ms)
ok   test-arch-button-labels-input-watcher-timer.js (27ms)
ok   test-attachment-rig-latest-authored-snapshot.js (31ms)
ok   test-attack-animation-editor-history-grips.js (33ms)
ok   test-attack-animation-editor-workflow.js (32ms)
ok   test-attachment-rig-master.js (50ms)
ok   test-authored-grip-overrides.js (44ms)
ok   test-authored-upgrade-reparented-fallback.js (29ms)
ok   test-avatar-outline-occlusion.js (37ms)
ok   test-avatar-preview-grounding-parity.js (35ms)
ok   test-bandage-system.js (33ms)
ok   test-bandit-tent-hold-interaction.js (35ms)
ok   test-bandit-beastmaster.js (44ms)
ok   test-bandit-weapon-height-scale.js (32ms)
ok   test-banubu-cave-materials.js (41ms)
ok   test-banubu-cave-locale.js (45ms)
ok   test-barn-house-editor.js (35ms)
ok   test-background-scenery.js (138ms)
ok   test-banubu-snore.js (41ms)
ok   test-barn-incubator.js (40ms)
ok   test-blink-dodge-movement.js (64ms)
ok   test-banubu-questline.js (141ms)
ok   test-boundary-current-vs-jigsaw.js (40ms)
ok   test-blackout-travel-and-item-action.js (82ms)
ok   test-building-subtle-elevation.js (32ms)
ok   test-burning-affliction-vfx.js (30ms)
ok   test-butter-churn-carpenter-init-order.js (27ms)
ok   test-bronzeworks-smithy-action.js (46ms)
ok   test-butter-churn.js (32ms)
ok   test-carpenter-barn-additions.js (27ms)
ok   test-camera-look-clamps.js (38ms)
ok   test-character-action-locks-and-npc-drink.js (39ms)
ok   test-character-bob-and-creature-grounding.js (37ms)
ok   test-character-dimensions.js (31ms)
ok   test-character-part-scale-axes.js (35ms)
ok   test-character-rig-pixel-probe-runtime.js (29ms)
ok   test-character-rig-scale-avatar-runtime.js (23ms)
ok   test-character-studio-mammakhbuur-config.js (28ms)
ok   test-character-rig-scale.js (35ms)
ok   test-character-view-cursorless-aim.js (42ms)
ok   test-charged-breaker-pose-charge.js (43ms)
ok   test-clothing-species-fit-tool.js (30ms)
ok   test-clothing-weaving-npc-compat.js (30ms)
ok   test-clothing-weight-dodge-policy.js (28ms)
ok   test-cloud-forest-boundary-mode.js (25ms)
ok   test-cloud-forest-path-bricks.js (26ms)
ok   test-cloud-forest-fog-depth.js (35ms)
ok   test-cloud-forest-runtime.js (32ms)
ok   test-cloud-forest-scenery-options.js (30ms)
ok   test-color-pools.js (34ms)
ok   test-combat-core-exterior-tracker-timer.js (22ms)
ok   test-combat-camera-alignment.js (55ms)
ok   test-combat-deps-shared-seam.js (30ms)
ok   test-combat-manuals-jubmir-visits.js (34ms)
ok   test-combat-mastery-preview.js (23ms)
ok   test-combat-portrait-expression-life-disabled.js (28ms)
ok   test-combat-portrait-expression-runtime.js (21ms)
ok   test-combat-portrait-expression.js (27ms)
ok   test-combat-reticle-visibility.js (22ms)
ok   test-combat-stamina-power-balance.js (39ms)
ok   test-combat-review-fixes.js (46ms)
ok   test-companion-ruin-tracking.js (33ms)
ok   test-companion-treasure-cue.js (44ms)
ok   test-combat-tutorial.js (99ms)
ok   test-companion-watch-idle.js (34ms)
ok   test-contextual-potion-selector.js (39ms)
ok   test-controller-default-layout.js (40ms)
ok   test-controller-experience.js (45ms)
ok   test-controller-modern-flow-bridge.js (30ms)
ok   test-controller-shipping-box.js (32ms)
ok   test-controller-input-authority.js (120ms)
ok   test-creature-ground-offsets.js (44ms)
ok   test-creature-head-cache.js (34ms)
ok   test-creature-size-traits.js (46ms)
ok   test-creature-texture-upload-budget.js (31ms)
ok   test-crop-billboard-presentation.js (32ms)
ok   test-crop-planting.js (29ms)
ok   test-crop-ready-presentation.js (23ms)
ok   test-crop-sprite-art.js (43ms)
ok   test-crossbow-strike-audio-trim.js (25ms)
ok   test-cutscene-actor-presentation.js (31ms)
ok   test-cutscene-choreography-followup.js (46ms)
ok   test-cutscene-director-export.js (26ms)
ok   test-cutscene-director-repo-selector.js (45ms)
ok   test-cutscene-editor-and-motion.js (48ms)
ok   test-dance-rapport-rate.js (22ms)
ok   test-cutscene-rescue-and-dialogue.js (47ms)
ok   test-day-progress-review.js (26ms)
ok   test-daylight-windows.js (125ms)
ok   test-den-entrance-locale-authoring.js (25ms)
ok   test-den-locale-authoring.js (22ms)
ok   test-den-locale-runtime.js (24ms)
ok   test-den-nest-individual-content.js (23ms)
ok   test-den-turnover.js (48ms)
ok   test-dev-arena-nest-spawner-hook-chain.js (23ms)
ok   test-dev-companion.js (105ms)
ok   test-dev-map-furniture.js (40ms)
ok   test-dev-random-ruin-integration.js (57ms)
ok   test-dialogue-rich-text.js (26ms)
ok   test-dialogue-syllable-cadence.js (25ms)
ok   test-dialogue-templates.js (21ms)
ok   test-doorstep-visits.js (35ms)
ok   test-drenkirra-bodystripes-colors.js (24ms)
ok   test-drenkirra-nest-scatter-performance.js (24ms)
ok   test-drenkirra-vertical-aim.js (104ms)
ok   test-drunk-locomotion-footing-source.js (22ms)
ok   test-drunk-prone-composition-bridge.js (21ms)
ok   test-calendar-system-passage-hour-timer.js (1909ms)
ok   test-dual-wield-idle-stance.js (21ms)
ok   test-dual-wield-weapon-visuals.js (29ms)
ok   test-dual-wield-state-consistency.js (49ms)
ok   test-dye-item-consumption.js (24ms)
ok   test-enchantments-attunement.js (38ms)
ok   test-economy-progression.js (62ms)
ok   test-enemy-combat-health-recovery.js (38ms)
ok   test-enemy-dodge-outfit-weight.js (37ms)
ok   test-enemy-target-facing.js (26ms)
ok   test-enemy-weapon-stances.js (31ms)
ok   test-entry-tunnel-door-furniture.js (25ms)
ok   test-entry-tunnel-wall-unmark.js (30ms)
ok   test-environment-surface-cliff-overlap.js (28ms)
ok   test-environment-surface-micro-plateau-scheduler.js (25ms)
ok   test-environment-surface-micro-plateau.js (29ms)
ok   test-environmental-reverb.js (21ms)
ok   test-farm-animal-subtle-elevation.js (29ms)
ok   test-farm-border-road-loader-order.js (21ms)
ok   test-farm-menu-layout.js (33ms)
ok   test-farm-starter-west.js (33ms)
ok   test-farm-tour-playback.js (56ms)
ok   test-farm-wood-color-values.js (30ms)
ok   test-farmhouse-door-anchor.js (29ms)
ok   test-favor-heart-balance.js (33ms)
ok   test-festival-integration.js (45ms)
ok   test-farm-specializations.js (261ms)
ok   test-festivals.js (32ms)
ok   test-fishing-events-feature-loop-scheduler.js (30ms)
ok   test-fishing-presentation-debug.js (23ms)
ok   test-fishing-silhouette-hitbox.js (40ms)
ok   test-folder-save-primary.js (27ms)
ok   test-folder-save-runtime-integrity.js (69ms)
ok   test-footing-damage-recovery-bridge.js (37ms)
ok   test-force-tothal-shift-regeneration.js (39ms)
ok   test-front-headwear-facing.js (35ms)
ok   test-full-character-scale-authoring-20260905.js (36ms)
ok   test-full-character-scale-presentation.js (29ms)
ok   test-furniture-pattern-export.js (34ms)
ok   test-furniture-pattern-surfaces.js (48ms)
ok   test-foliage-furniture-wilderness.js (377ms)
ok   test-furniture-placer-processing.js (61ms)
ok   test-furniture-vessel-runtime.js (32ms)
ok   test-furniture-puzzle-authoring.js (41ms)
ok   test-day-progress-review-passage-hour-timer.js (1912ms)
ok   test-generic-hud-icons.js (33ms)
ok   test-ghoul-mine-visuals-audio.js (33ms)
ok   test-hand-foot-bone-surface-jigsaw.js (32ms)
ok   test-grehlr-head-rig-correction.js (36ms)
ok   test-hand-foot-size-balance.js (39ms)
ok   test-hand-shoulder-pose-runtime-capture-timer.js (32ms)
ok   test-hand-tool-height-scale.js (33ms)
ok   test-hand-tool-grips-scheduler.js (43ms)
ok   test-hanging-banner-preset.js (32ms)
ok   test-hardstep-footstep-routing.js (32ms)
ok   test-harlyao-armor-loot.js (34ms)
ok   test-harlyao-calendar-markers.js (36ms)
ok   test-harlyao-night-march-beacon.js (33ms)
ok   test-harlyao-liches.js (58ms)
ok   test-harlyao-night-march-spawn-placement.js (61ms)
ok   test-harlyao-night-march.js (66ms)
ok   test-harlyao-skeleton-species.js (52ms)
ok   test-harlyao-species.js (39ms)
ok   test-harlyao-terror.js (31ms)
ok   test-head-centroid-skinning.js (29ms)
ok   test-hat-xray-facing.js (54ms)
ok   test-heavy-hold-release-ownership.js (41ms)
ok   test-heavy-weapon-alternating-neutrals.js (30ms)
ok   test-heftroot-billboard-bridge.js (33ms)
ok   test-held-seed-desktop-capture.js (35ms)
ok   test-held-seed-action-bridge.js (52ms)
ok   test-house-pieces-registry-stability.js (31ms)
ok   test-immediate-crop-actions.js (37ms)
ok   test-input-settings-panel-controller-capture-timer.js (31ms)
ok   test-intended-full-character-scales.js (44ms)
ok   test-interaction-prompt-input-colors.js (40ms)
ok   test-cavern-walkable-mesh.js (3350ms)
ok   test-interior-ambient-fire-vfx.js (44ms)
ok   test-interior-fire-floor.js (51ms)
ok   test-interior-fire-void.js (36ms)
ok   test-interior-seat-surface-post-transform.js (33ms)
ok   test-interior-furniture-grid.js (60ms)
ok   test-interior-seat-surface-three-math.js (34ms)
ok   test-interior-held-items-drink-animation.js (82ms)
ok   test-interior-seat-surface-visual-alias.js (34ms)
ok   test-inventory-character-effects.js (35ms)
ok   test-introduction-loading-and-framing.js (56ms)
ok   test-inventory-direct-item-use.js (35ms)
ok   test-inventory-held-override.js (30ms)
ok   test-kurraya-performance-reaction-lock.js (33ms)
ok   test-jubmir-dabinggi-hounds.js (40ms)
ok   test-knockback-collision-effects.js (50ms)
ok   test-livestock-dialogue-modular.js (45ms)
ok   test-kurraya-transport-audio-sync.js (51ms)
ok   test-livestock-face-look.js (37ms)
ok   test-inventory-stacks.js (113ms)
ok   test-livestock-harvest-staging.js (29ms)
ok   test-livestock-item-genotype-persistence.js (31ms)
ok   test-livestock-menu-regressions.js (31ms)
ok   test-livestock-nursery-grid.js (31ms)
ok   test-livestock-nursery-observer-scope.js (27ms)
ok   test-livestock-nursery-outdoor-growth.js (28ms)
ok   test-livestock-nursery-swarm-scheduler.js (38ms)
ok   test-livestock-nursery.js (36ms)
ok   test-livestock-wander-cycle.js (26ms)
ok   test-loading-screen-runtime-race.js (32ms)
ok   test-lore-economy.js (29ms)
ok   test-locale-terrain-placement.js (40ms)
ok   test-locale-cavern-interiors.js (50ms)
ok   test-mammakhbuur-full-character-scale.js (33ms)
ok   test-maoao-arm-tint-runtime.js (30ms)
ok   test-maoao-foot-scale-tuning.js (26ms)
ok   test-mammakhbuur-species.js (57ms)
ok   test-map-live-preview.js (49ms)
ok   test-mashtzarr-female-runtime-guard-timer.js (32ms)
ok   test-mastery-policy.js (35ms)
ok   test-melee-reticle-alignment.js (38ms)
ok   test-mobile-combat-arch-aim.js (42ms)
ok   test-mobile-combat-zoom.js (32ms)
ok   test-minion-enemies.js (58ms)
ok   test-mobile-render-budget.js (28ms)
ok   test-merged-water-renderer.js (86ms)
ok   test-mounted-climb-leap.js (32ms)
ok   test-mounted-climb-exclusion.js (40ms)
ok   test-music-track-gain-settings.js (29ms)
ok   test-music-system.js (45ms)
ok   test-natural-surface-cliff-ridge-isolation.js (27ms)
ok   test-named-animal-npc-species.js (39ms)
ok   test-natural-surface-jigsaw-exclusion.js (28ms)
ok   test-natural-surface-loader-cache.js (28ms)
ok   test-natural-surface-post-jigsaw-order.js (29ms)
ok   test-natural-surface-stretch-runtime.js (29ms)
ok   test-navigation-compass-dom-reuse.js (28ms)
ok   test-navigation-compass.js (26ms)
ok   test-netlify-cloud-save-static-preview.js (27ms)
ok   test-new-creature-rig-coordinates.js (31ms)
ok   test-no-black-game-text.js (25ms)
ok   test-no-cache-token-pins.js (41ms)
ok   test-npc-agenda.js (29ms)
ok   test-npc-activity-planner.js (48ms)
ok   test-npc-aging.js (39ms)
ok   test-npc-ambient-music-stimuli-runtime.js (28ms)
ok   test-npc-bedroom-storage.js (43ms)
ok   test-npc-collision-aware-pathing.js (45ms)
ok   test-npc-crafting-commissions.js (35ms)
ok   test-npc-dance-presentation-runtime.js (25ms)
ok   test-npc-appearance-patterns-expressions.js (81ms)
ok   test-npc-food-gift-preferences.js (33ms)
ok   test-npc-facing-deadzone.js (46ms)
ok   test-npc-gift-discovery-reconcile.js (36ms)
ok   test-npc-gift-color-preferences.js (40ms)
ok   test-npc-gifting-multitrait.js (27ms)
ok   test-npc-held-equipment.js (32ms)
ok   test-npc-rapport-wrapped-midnight.js (28ms)
ok   test-npc-reaction-profiles.js (31ms)
ok   test-npc-social-inhibition-balance.js (31ms)
ok   test-npc-social-rapport-wardrobes.js (39ms)
ok   test-npc-social-seating.js (33ms)
ok   test-npc-swig-offer-cooldown.js (31ms)
ok   test-npc-wardrobe-immediate.js (45ms)
ok   test-nursery-building-piece.js (25ms)
ok   test-nuhongan-species.js (30ms)
ok   test-npc-wardrobe-placeholders.js (40ms)
ok   test-onboarding-camera-hook-idempotence.js (28ms)
ok   test-onboarding-character-creation-life-preview.js (25ms)
ok   test-onboarding-character-creation-handoff.js (33ms)
ok   test-onboarding-character-creation-redesign.js (26ms)
ok   test-onboarding-character-creation-weapon-polish-scheduler.js (31ms)
ok   test-onboarding-character-creation-weapon-view-fix.js (27ms)
ok   test-onboarding-diagnostics-copy.js (27ms)
ok   test-onboarding-folder-handoff-sync.js (29ms)
ok   test-onboarding-linear-flow.js (27ms)
ok   test-onboarding-random-name.js (23ms)
ok   test-onboarding-subspecies-and-facing-diagnostics.js (27ms)
ok   test-onboarding-name-suggestions.js (40ms)
ok   test-onboarding-viewport-fit.js (25ms)
ok   test-onboarding-switchbox-placement.js (32ms)
ok   test-opening-startup-recovery.js (34ms)
ok   test-opening-story-cutscene.js (57ms)
ok   test-outdoor-furniture-and-npc-seating.js (37ms)
ok   test-opening-story-followup.js (58ms)
ok   test-outdoor-livestock-presence.js (30ms)
ok   test-overcast-light-tint-retention.js (48ms)
ok   test-outdoor-livestock-welfare.js (50ms)
ok   test-performance-debug-scheduler.js (31ms)
ok   test-perp-rotation.js (36ms)
ok   test-persistent-mine-campfires.js (40ms)
ok   test-pixel-probe-scheduler-diagnostics.js (32ms)
ok   test-player-body-transform-composer.js (35ms)
ok   test-player-chat-social-poses.js (37ms)
ok   test-player-death-bandit-tent-drenkirra-recovery.js (44ms)
ok   test-player-facing-pixel-probe.js (27ms)
ok   test-porakaneki-camp-placement-policy.js (47ms)
ok   test-porakaneki-chunk-handoff-harness.js (36ms)
ok   test-porakaneki-faction-rules.js (33ms)
ok   test-porakaneki-gift-barter.js (55ms)
ok   test-porakaneki-camp.js (107ms)
ok   test-porakaneki-map-markers.js (37ms)
ok   test-portrait-arm-mask-layer-isolation.js (28ms)
ok   test-porakaneki-materialization-handoff.js (37ms)
ok   test-porakaneki-species.js (34ms)
ok   test-procedural-dance-mode.js (28ms)
ok   test-portrait-torso-grayscale-preservation.js (32ms)
ok   test-portrait-full-plane-skinning.js (44ms)
ok   test-procedural-hand-fallback.js (50ms)
ok   test-procedural-hand-character-anchor-scale.js (53ms)
ok   test-procedural-hand-frame-driver-scheduler.js (46ms)
ok   test-procedural-hand-grip-runtime-timer.js (28ms)
ok   test-procedural-impact-tabs.js (37ms)
ok   test-procedural-task-compass-cache.js (28ms)
ok   test-progression-overhead-announcements.js (50ms)
ok   test-prone-motion-exclusivity.js (45ms)
ok   test-procedural-hands.js (115ms)
ok   test-puktuk-den-nest-registration.js (44ms)
ok   test-puktuk-voorg-canonical-rig.js (39ms)
ok   test-puktuk-voorg-farm-runtime.js (40ms)
ok   test-quick-attack-bonus-cooldown.js (28ms)
ok   test-quick-attack-bonus-indicator-scheduler.js (38ms)
ok   test-quick-attack-conditional-refund.js (45ms)
ok   test-puktuk-species.js (163ms)
ok   test-ranged-camera-focus.js (46ms)
ok   test-quick-attack-resource-conditions.js (73ms)
ok   test-ranged-camera-ray-authority.js (33ms)
ok   test-relationship-heart-greetings.js (33ms)
ok   test-ranged-weapon-archetypes.js (70ms)
ok   test-render-draw-budget-guards.js (29ms)
ok   test-reagent-habitats.js (86ms)
ok   test-render-hook-frame-dedup.js (33ms)
ok   test-render-surface-recovery.js (37ms)
ok   test-resource-rings.js (37ms)
ok   test-repo-pattern-authoring.js (42ms)
ok   test-review-runtime-regressions.js (55ms)
ok   test-reticle-hitbox-lunge-stop.js (80ms)
ok   test-rig-transform-dump-and-unequip.js (83ms)
ok   test-rock-tile-geometry-contract.js (81ms)
ok   test-romance-dating.js (82ms)
ok   test-romance-wedding.js (66ms)
ok   test-root-totem-safety-bootstrap.js (27ms)
ok   test-root-totem-foliage.js (59ms)
ok   test-rounded-pauldron.js (52ms)
ok   test-ruin-materials.js (45ms)
ok   test-root-totem-safety.js (97ms)
ok   test-runtime-frame-scheduler-ordering.js (38ms)
ok   test-ruin-sites.js (87ms)
ok   test-runtime-frame-scheduler.js (31ms)
ok   test-save-startup-failure-surface.js (62ms)
ok   test-scene-ready-poller.js (42ms)
ok   test-seasonal-vegetation-tint.js (34ms)
ok   test-session-persistence-startup-guard.js (31ms)
ok   test-runtime-frame-ownership.js (268ms)
ok   test-shingle-png-textures.js (43ms)
ok   test-shipping-box-system.js (31ms)
ok   test-shipping-box-world-upgrade.js (58ms)
ok   test-shoulder-cam-mandatory.js (63ms)
ok   test-shoulder-camera-character-framing.js (29ms)
ok   test-shoulder-camera-reset-button.js (25ms)
ok   test-shoulder-camera-ground-slide.js (52ms)
ok   test-shoulder-perch-mirror-toggle.js (26ms)
ok   test-shoulder-camera-startup-terrain.js (43ms)
ok   test-shoulder-pet-attachment-debug.js (41ms)
ok   test-shoulder-pet-attack-rotation.js (44ms)
ok   test-shoulder-pet-billboard-yaw.js (39ms)
ok   test-shoulder-pet-curiosity.js (51ms)
ok   test-shoulder-pet-layering.js (40ms)
ok   test-sleep-passage-action-bridge.js (30ms)
ok   test-snow-ground-projections.js (33ms)
ok   test-snow-runtime-test-entrypoint.js (28ms)
ok   test-social-action-body-plane-scheduler.js (37ms)
ok   test-slagothim-traders.js (173ms)
ok   test-social-action-camera-scheduler.js (29ms)
ok   test-social-action-dance-scheduler.js (34ms)
ok   test-social-rhythm-scheduler.js (31ms)
ok   test-spearhead-bounty-existing-posting.js (25ms)
ok   test-stable-animal-ambient-sequencing.js (22ms)
ok   test-species-gender-pose-scaling.js (60ms)
FAIL test-stable-animal-progression-deps-bridge.js (24ms)
ok   test-stable-animal-progression-scheduler.js (24ms)
ok   test-stable-animal-progression.js (36ms)
ok   test-stable-animal-town-familiarity.js (27ms)
ok   test-stable-animal-xp-events.js (23ms)
ok   test-stable-animal-training-refinements.js (33ms)
ok   test-stable-panel-training-ui.js (42ms)
ok   test-stable-training-compendium-copy.js (38ms)
ok   test-stamina-recovery-boost.js (37ms)
ok   test-storage-quota-guard.js (37ms)
ok   test-strength-fish-buffs.js (33ms)
ok   test-surface-stretch-uv.js (50ms)
ok   test-target-outline-alpha-cutout.js (28ms)
ok   test-tasks-panel-quest-log-resilience.js (24ms)
ok   test-text-entry-keybind-guard.js (29ms)
ok   test-opening-rescue-locale.js (2140ms)
ok   test-time-passage-release-input.js (26ms)
ok   test-tool-terrain-preview-parity.js (24ms)
ok   test-title-realtime-sky.js (41ms)
ok   test-title-screen-runtime-gamepad-poll-timer.js (40ms)
ok   test-town-flood-shelter.js (36ms)
ok   test-town-sign-furniture.js (33ms)
ok   test-town-mine-descent.js (38ms)
ok   test-transition-markers.js (27ms)
ok   test-tree-assets.js (29ms)
ok   test-transient-attack-alignment.js (76ms)
ok   test-trait-alchemy-refactor.js (102ms)
ok   test-trust-dialogue-heart-scale.js (34ms)
ok   test-trim-region-replay.js (61ms)
ok   test-two-hand-grip-ranges.js (39ms)
ok   test-undiggable-boulder-shells.js (43ms)
ok   test-vegetation-foliage-contract.js (27ms)
ok   test-visual-heights.js (30ms)
ok   test-trim-contour-warp.js (183ms)
ok   test-voorg-ass-herds.js (38ms)
ok   test-voorg-ass-species.js (43ms)
ok   test-walkable-elevation-surfaces.js (37ms)
ok   test-water-body-outline-overlay.js (28ms)
ok   test-weapon-discovery-rewards-scan-timer.js (29ms)
ok   test-weapon-enchantment-vfx.js (25ms)
ok   test-weapon-trust-bandit-loadouts.js (21ms)
ok   test-weapon-idle-body-yaw-runtime-scheduler.js (30ms)
ok   test-western-slope-fishing.js (24ms)
ok   test-weapon-vegetation-cutting.js (33ms)
ok   test-western-slope-mountain-backdrops.js (27ms)
ok   test-wild-treasure-buried-hints.js (25ms)
ok   test-wild-treasure-road-spawns.js (23ms)
ok   test-wild-treasure-water-spawns.js (32ms)
ok   test-wilderness-carved-plateau-surfaces.js (40ms)
ok   test-wilderness-chunk-integration.js (39ms)
ok   test-wilderness-cliff-surface-parity.js (26ms)
ok   test-wilderness-entry-corridor.js (32ms)
ok   test-wilderness-failed-build-cleanup.js (31ms)
ok   test-wilderness-map-load-recovery.js (22ms)
ok   test-world-popup-relationship-editor.js (20ms)
ok   test-wilderness-map-waypoints.js (38ms)
ok   test-world-text-outline-overlay.js (29ms)
ok   audit-npc-wardrobe-placeholders.js (40ms)
ok   check-rakakoan-portrait-resolution.js (41ms)
ok   test-save-checkpoint-manager.js (3078ms)
ok   test-verdigris-outline-raster-scale.js (3611ms)

===== test-stable-animal-progression-deps-bridge.js (exit 1) =====
/home/runner/work/HobunjiHollowUnity/HobunjiHollowUnity/scripts/test-stable-animal-progression-deps-bridge.js:19
    createElement() { throw new Error('all farm feature globals should already be present in this regression'); },
                      ^

Error: all farm feature globals should already be present in this regression
    at Object.createElement (/home/runner/work/HobunjiHollowUnity/HobunjiHollowUnity/scripts/test-stable-animal-progression-deps-bridge.js:19:29)
    at loadAt (livestock-nursery-install-bridge.js:70:31)
    at loadAt (livestock-nursery-install-bridge.js:69:38)
    at loadAt (livestock-nursery-install-bridge.js:69:38)
    at loadAt (livestock-nursery-install-bridge.js:69:38)
    at loadAt (livestock-nursery-install-bridge.js:69:38)
    at loadAt (livestock-nursery-install-bridge.js:69:38)
    at loadAt (livestock-nursery-install-bridge.js:69:38)
    at loadAt (livestock-nursery-install-bridge.js:69:38)
    at loadAt (livestock-nursery-install-bridge.js:69:38)

Node.js v22.23.3

464/465 passed in 10.8s (4 slow tests skipped; pass --all to include)
